usbd_framework.c:11:6:usbd_intialize	16	static
usbd_framework.c:20:6:usbd_configure	8	static
usbd_framework.c:31:13:process_standard_device_request	16	static
usbd_framework.c:80:13:process_class_interface_request	16	static
usbd_framework.c:93:13:process_standard_interface_request	16	static
usbd_framework.c:108:13:process_request	16	static
usbd_framework.c:128:13:process_control_transfer_stage	16	static
usbd_framework.c:173:13:usb_polled_handler	8	static
usbd_framework.c:178:13:write_mouse_report	16	static
usbd_framework.c:189:13:in_transfer_completed_handler	16	static
usbd_framework.c:209:13:out_transfer_completed_handler	16	static
usbd_framework.c:214:6:usbd_poll	8	static
usbd_framework.c:219:13:usb_reset_received_handler	8	static
usbd_framework.c:229:13:setup_data_received_handler	16	static
