usbd_driver.h:25:43:IN_ENDPOINT	16	static
usbd_driver.h:33:44:OUT_ENDPOINT	16	static
usbd_driver.h:38:30:FIFO	16	static
usbd_driver.c:13:13:Initialize_usb_pins	4	static
usbd_driver.c:31:13:Initialize_core	4	static
usbd_driver.c:69:13:set_device_address	16	static
usbd_driver.c:76:14:refresh_fifo_start_addresses	16	static
usbd_driver.c:104:13:Configure_rxfifosize	16	static
usbd_driver.c:117:13:Configure_txfifosize	16	static
usbd_driver.c:143:13:Connect	4	static
usbd_driver.c:152:13:Disconnect	4	static
usbd_driver.c:163:13:read_packet	32	static
usbd_driver.c:192:13:write_packet	24	static
usbd_driver.c:224:13:flush_rxfifo	4	static
usbd_driver.c:232:13:flush_txfifo	16	static
usbd_driver.c:239:13:configure_endpoint0	24	static
usbd_driver.c:257:13:Configure_IN_Endpoint	24	static
usbd_driver.c:275:13:Deconfig_endpoints	24	static
usbd_driver.c:311:13:usbrst_handler	16	static
usbd_driver.c:321:13:enumdne_handler	8	static
usbd_driver.c:330:13:rxflvl_handler	24	static
usbd_driver.c:362:13:iepint_handler	16	static
usbd_driver.c:375:13:oepint_handler	16	static
usbd_driver.c:390:13:Ginsts_handler	16	static
